
> weekly-planner@1.0.0 dev
> vite


  VITE v5.4.21  ready in 104 ms

  ➜  Local:   http://localhost:5173/
  ➜  Network: use --host to expose
10:26:16 PM [vite] hmr update /src/components/SettingsPanel.tsx, /src/store/plannerStore.tsx, /src/components/HuePicker.tsx, /src/components/SubjectSelect.tsx, /src/components/RecurringBar.tsx, /src/components/ItemComposer.tsx, /src/components/ItemCard.tsx
10:26:30 PM [vite] hmr update /src/styles/global.css
10:27:56 PM [vite] hmr update /src/styles/global.css
10:28:17 PM [vite] hmr update /src/components/RecurringBar.tsx
10:28:17 PM [vite] hmr update /src/components/ItemCard.tsx
10:41:46 PM [vite] hmr update /src/store/plannerStore.tsx, /src/components/WeekView.tsx, /src/components/SettingsPanel.tsx, /src/components/SubjectSelect.tsx, /src/components/ListView.tsx, /src/components/RecurringBand.tsx
10:42:08 PM [vite] hmr update /src/components/WeekView.tsx
10:42:33 PM [vite] hmr update /src/components/HuePicker.tsx
10:42:33 PM [vite] hmr update /src/components/ItemComposer.tsx
10:42:42 PM [vite] hmr update /src/components/SubjectSelect.tsx
10:42:55 PM [vite] hmr update /src/components/ScratchpadFooter.tsx
10:42:55 PM [vite] hmr update /src/components/RecurringBand.tsx
10:43:14 PM [vite] hmr update /src/components/ListView.tsx
10:43:25 PM [vite] hmr update /src/components/SettingsPanel.tsx
10:43:32 PM [vite] page reload index.html
10:45:22 PM [vite] hmr update /src/styles/global.css
10:46:03 PM [vite] hmr update /src/components/ListView.tsx
11:06:37 PM [vite] page reload index.html
11:06:37 PM [vite] hmr update /src/styles/global.css
11:08:33 PM [vite] hmr update /src/store/plannerStore.tsx, /src/components/SettingsPanel.tsx
11:08:33 PM [vite] hmr invalidate /src/store/plannerStore.tsx Could not Fast Refresh ("usePlanner" export is incompatible). Learn more at https://github.com/vitejs/vite-plugin-react/tree/main/packages/plugin-react#consistent-components-exports
11:08:33 PM [vite] page reload src/store/plannerStore.tsx
11:08:33 PM [vite] ✨ new dependencies optimized: @tauri-apps/plugin-dialog, @tauri-apps/plugin-fs
11:08:33 PM [vite] ✨ optimized dependencies changed. reloading
11:08:45 PM [vite] hmr update /src/components/SettingsPanel.tsx
